2023-09-15 13:19:23 [    INFO] Running test_get_employees (from test_app.py:18)
2023-09-15 13:19:23 [    INFO] PASSED: test_get_employees (from test_app.py:22)
2023-09-15 13:19:23 [    INFO] Running test_add_employee (from test_app.py:30)
2023-09-15 13:19:23 [    INFO] PASSED: test_add_employee (from test_app.py:40)
2023-09-15 13:19:23 [    INFO] Running test_add_employee_with_existing_id (from test_app.py:48)
2023-09-15 13:19:23 [    INFO] PASSED: test_add_employee_with_existing_id (from test_app.py:58)
2023-09-15 13:19:23 [    INFO] Running test_update_existing_employee (from test_app.py:66)
2023-09-15 13:19:23 [    INFO] PASSED: test_update_existing_employee (from test_app.py:76)
2023-09-15 13:19:24 [    INFO] Running test_update_non_existing_employee (from test_app.py:86)
2023-09-15 13:19:24 [    INFO] PASSED: test_update_non_existing_employee (from test_app.py:95)
2023-09-15 13:19:24 [    INFO] Running test_delete_existing_employee (from test_app.py:103)
2023-09-15 13:19:24 [    INFO] PASSED: test_delete_existing_employee (from test_app.py:107)
2023-09-15 13:19:54 [    INFO] Running test_delete_non_existing_employee (from test_app.py:117)
2023-09-15 13:19:54 [    INFO] PASSED: test_delete_non_existing_employee (from test_app.py:121)
2023-09-15 13:19:54 [    INFO] Running test_get_employee_by_id (from test_app.py:130)
2023-09-15 13:19:54 [    INFO] PASSED: test_get_employee_by_id (from test_app.py:146)
2023-09-15 13:19:54 [    INFO] Running test_get_employees_with_filter (from test_app.py:157)
2023-09-15 13:19:54 [    INFO] PASSED: test_get_employees_with_filter (from test_app.py:162)
2023-09-15 13:19:54 [    INFO] Running test_get_employees_with_sort (from test_app.py:172)
2023-09-15 13:19:54 [    INFO] PASSED: test_get_employees_with_sort (from test_app.py:187)
